---
source: crates/hexray/tests/snapshot_tests.rs
expression: normalized
---
(auto-selected 'main' at [ADDR])

Decompiling _main at [ADDR]

int32_t _main(void)
{
    int var_0;

    // bb0 [[ADDR]..[ADDR]]
    // bb1 [[ADDR]..[ADDR]]
    ret = _factorial(5);
    // bb2 [[ADDR]..[ADDR]]
    ret2 = _sum_while(10);
    // bb3 [[ADDR]..[ADDR]]
    var_0 = _conditional(7);
    return ret + ret2 + var_0;
}
