---
source: crates/hexray/tests/snapshot_tests.rs
assertion_line: 337
expression: normalized
---
(auto-selected 'main' at [ADDR])

Decompiling _main at [ADDR]

int32_t _main(int32_t argc)
{
    int local_4;
    int ret;
    int var_0;

    // bb0 [[ADDR]..[ADDR]]
    ret = _factorial(5);
    local_4 = _sum_while(10);
    _conditional(7);
    var_0 = argc;
    return ret + local_4 + var_0;
}
