---
source: crates/hexray/tests/snapshot_tests.rs
expression: normalized
---
(auto-selected 'main' at [ADDR])

Decompiling _main at [ADDR]

int32_t _main(void)
{
    int var_0;

    x29[-0x1] = 0;
    sp[2] = _factorial(5);
    sp[1] = _sum_while(10);
    var_0 = _conditional(7);
    return sp[2] + sp[1] + var_0;
}
